<div>First element</div>
<p>Second element</p>
<span>Third element</span>