<div class="container" id="main" data-test="value"> <span style="color: red;">Colored text</span>
</div>