<div>
    <img src="image.jpg">
    <br>
    <input type="text">
</div>