<div id="user123">
    <p>John Doe</p>
    <span>ID: ABC-456-789</span>

</div>