<!DOCTYPE html>
<html>
    <head>
        <title>Test</title>
    </head>
    <body>
        <div>Content</div>
    </body>
</html>