<div>
    <!-- This is a comment -->
    <p>Content</p>
    <!-- Another comment -->
</div>