<div>
    <script>
        function test() {
            console.log('Hello');
        }
    </script>
    <p>Content after script</p>
</div>