<div>
    <p></p>
    <span> </span> 
    <div class="empty"></div>
</div>