<div data-id="123" data-user="john" data-timestamp="2023-01-01T12:00:00"> Content
</div>