<div>
    <style> .test { color: red; } </style>
    <p class="test">Styled content</p>
</div>