<div>
    <p>Special characters: € ‚ „ … † ‡ ‰ ‹ › ‘ ’ “ ” • — ™ › ® © é à è ù ï ç ä ö ü ÿ Ä Ö Ü ß ° ± ² ³ ´ · µ ¶ · ¸ ¹ º » « ÷ » « × € ‚ „ … † ‡ ‰ ‹ › ‘ ’ “ ” • — ™ › ® © é à è ù ï ç ä ö ü ÿ Ä Ö Ü ß ° ± ² ³ ´ · µ ¶ · ¸ ¹ º » « ÷ » « ×</p>
</div>