<p>This is <strong>bold</strong> and this is <em>italic</em> with a <a href="#">link</a></p>