{
    "user": {
        "name": "John",
        "address": {
            "city": "Paris",
            "country": "France"
        }
    }
}