<div>
    Unclosed div 
    <p>Unclosed paragraph <b>Bold</b></p>
</div>