
            <div class="container">
                <h1>Title</h1>
                <p>Some text with <b>bold</b> and <i>italic</i></p>
                <ul>
                    <li>Item 1</li>
                    <li>Item 2</li>
                </ul>
            </div>
