{
    "name": "John",
    "age": 30,
    "nested": {
        "key": "value"
    }
}