{
    "name": "John Doe",
    "age": 30,
    "roles": [
        "admin",
        "user"
    ]
}