<body>
  <node>MATCHED</node>
  <node>MATCHED</node>
  <node>MATCHED</node>
</body>