<body>
  <node id="userXXX">PERSON_NAME</node>
  <node id="userXXX">PERSON_NAME</node>
</body>