Class: ChqThomas\ApprovalTests\Tests\fixtures\UserDto
  name: 'John Doe'
  createdAt: DateTimeOffset_1
  child: NULL