-
    __class: ChqThomas\ApprovalTests\Tests\fixtures\UserDto
    name: 'User 1'
    createdAt: 'DateTimeOffset_1'
    child: null
-
    __class: ChqThomas\ApprovalTests\Tests\fixtures\UserDto
    name: 'User 2'
    createdAt: 'DateTimeOffset_1'
    child: null
-
    __class: ChqThomas\ApprovalTests\Tests\fixtures\UserDto
    name: 'User 3'
    createdAt: 'DateTimeOffset_1'
    child: null
