{
    "nodes": [
        {
            "id": "MATCHED",
            "name": "Node1"
        },
        {
            "id": "MATCHED",
            "name": "Node2"
        },
        {
            "id": "MATCHED",
            "name": "Node3"
        }
    ]
}