{
    "Include": 1,
    "Scrub": "[scrubbed]",
    "Memory Info": "[scrubbed]"
}