{
    "users": [
        {
            "username": "userXXX",
            "fullName": "PERSON_NAME"
        },
        {
            "username": "userXXX",
            "fullName": "PERSON_NAME"
        }
    ]
}